[intamarque.com/index.html]
[cdnjs.cloudflare.com/ajax/libs/tiny-slider/2.9.3/tiny-slider.css]
[backblue.gif]
[fade.gif]
[index.html]
[kit.fontawesome.com/44c5a82341.js]
[intamarque.com/wp-includes/css/dist/block-library/style.minc8d8.css]
[intamarque.com/wp-content/plugins/contact-form-7/includes/css/styles7661.css]
[intamarque.com/wp-content/themes/intamarque2021/stylec8d8.css]
[intamarque.com/feed/index.html]
[intamarque.com/wp-content/themes/intamarque2021/dist/css/main4963.css]
[intamarque.com/wp-includes/js/jquery/jquery.minaf6c.js]
[intamarque.com/wp-includes/js/jquery/jquery-migrate.mind617.js]
[intamarque.com/comments/feed/index.html]
[intamarque.com/wp-content/themes/intamarque2021/js/loadmorec8d8.js]
[intamarque.com/wp-json/index.html]
[intamarque.com/wp-json/wp/v2/pages/7.json]
[intamarque.com/xmlrpc0db0.php]
[intamarque.com/wp-includes/wlwmanifest.xml]
[intamarque.com/wp-json/oembed/1.0/embedd793.json]
[intamarque.com/wp-json/oembed/1.0/embed670a]
[intamarque.com/wp-content/uploads/2021/06/cropped-fav-32x32.jpg]
[intamarque.com/wp-content/uploads/2021/06/cropped-fav-192x192.jpg]
[intamarque.com/wp-content/uploads/2021/06/cropped-fav-180x180.jpg]
[cdnjs.cloudflare.com/ajax/libs/tiny-slider/2.9.2/min/tiny-slider.js]
[intamarque.com/about-us/index.html]
[intamarque.com/meet-the-team/index.html]
[intamarque.com/careers/index.html]
[intamarque.com/buying-from-intamarque/index.html]
[intamarque.com/index8db2.html]
[intamarque.com/how-to-order/index.html]
[intamarque.com/brands/index.html]
[intamarque.com/supplying-to-intamarque/index.html]
[intamarque.com/brand-distribution/index.html]
[intamarque.com/get-in-touch/index.html]
[intamarque.com/wp-content/uploads/2021/07/intamarque-intelligence.png]
[intamarque.com/wp-content/uploads/2021/08/Intamarque-Video-Still-2.jpg]
[intamarque.com/wp-content/uploads/2021/08/Intamarque-Video-Still-5.jpg]
[intamarque.com/wp-content/uploads/2021/08/Intamarque-Video-Still-10-logo-1.jpg]
[intamarque.com/wp-content/uploads/2021/08/Drone-Shot-scaled.jpg]
[intamarque.com/wp-content/uploads/2021/08/brand-3.jpg]
[intamarque.com/wp-content/uploads/2021/08/IM-2.jpg]
[intamarque.com/wp-content/uploads/2021/06/Service-03.png]
[intamarque.com/wp-content/uploads/2021/08/export.jpg]
[intamarque.com/wp-content/uploads/2021/06/Service-05V2.png]
[intamarque.com/wp-content/uploads/2021/08/packaging.jpg]
[intamarque.com/wp-content/uploads/2021/07/documentation-.jpg]
[intamarque.com/wp-content/uploads/2021/08/contact.jpg]
[intamarque.com/wp-content/uploads/2021/08/computer-1.png]
[intamarque.com/wp-content/uploads/2021/07/become-a-customer.jpg]
[intamarque.com/wp-content/uploads/2021/08/Intamarque-Video-Still-27.jpg]
[intamarque.com/wp-content/uploads/2021/09/full_42710.jpg]
[intamarque.com/wp-content/uploads/2021/09/237002_washingline1_609223.jpg]
[intamarque.com/how-pg-has-evolved-its-climate-strategy-to-target-a-net-zero-value-chain-by-2040/index.html]
[intamarque.com/is-online-or-in-store-food-shopping-better-for-the-planet/index.html]
[intamarque.com/wp-content/uploads/2021/08/bondi-sands.jpg]
[intamarque.com/bondi-sands/index.html]
[intamarque.com/latest-news/index.html]
[intamarque.com/wp-includes/js/dist/vendor/regenerator-runtime.minb36a.js]
[intamarque.com/wp-includes/js/dist/vendor/wp-polyfill.min2c7c.js]
[intamarque.com/wp-content/plugins/contact-form-7/includes/js/index7661.js]
[intamarque.com/wp-content/themes/intamarque2021/js/navigation4a7d.js]
[intamarque.com/wp-content/themes/intamarque2021/js/skip-link-focus-fix4a7d.js]
[intamarque.com/wp-content/themes/intamarque2021/js/simplelightbox.min4963.js]
[intamarque.com/wp-content/themes/intamarque2021/js/test4963.js]
[intamarque.com/wp-content/themes/intamarque2021/dist/js/all.min4963.js]
[intamarque.com/wp-includes/js/wp-embed.minc8d8.js]
[intamarque.com/wp-includes/js/dist/dom-ready.min7354.js]
[intamarque.com/wp-includes/js/dist/hooks.mine16b.js]
[intamarque.com/wp-includes/js/dist/i18n.min71a7.js]
[intamarque.com/wp-includes/js/dist/a11y.minac6e.js]
[intamarque.com/wp-includes/js/wp-custom-header.minc8d8.js]
[unpkg.com/aos@next/dist/aos.65.delayed]
[intamarque.com/index.html]
[cdnjs.cloudflare.com/ajax/libs/tiny-slider/2.9.3/tiny-slider.css]
[intamarque.com/wp-includes/css/dist/block-library/style.minc8d8.css]
[intamarque.com/wp-content/plugins/contact-form-7/includes/css/styles7661.css]
[intamarque.com/wp-content/themes/intamarque2021/stylec8d8.css]
[unpkg.com/aos@3.0.0-beta.6/dist/aos.js]
[use.typekit.net/kbq3ywl.css]
[intamarque.com/wp-content/themes/intamarque2021/dist/css/main4963.css]
[intamarque.com/wp-content/themes/intamarque2021/assets/img/close.svg]
[intamarque.com/wp-json/wp/v2/pages/9.json]
[intamarque.com/wp-json/oembed/1.0/embed0e6d.json]
[intamarque.com/wp-json/oembed/1.0/embed3242]
[intamarque.com/wp-content/uploads/2021/08/about-us.jpg]
[intamarque.com/wp-content/uploads/2021/08/IM-4.jpg]
[intamarque.com/wp-content/uploads/2021/08/22.jpg]
[intamarque.com/wp-content/uploads/2021/08/33.jpg]
[intamarque.com/wp-content/uploads/2021/08/4.jpg]
[intamarque.com/wp-content/uploads/2021/08/bondi.jpg]
[intamarque.com/wp-content/uploads/2021/08/1.jpg]
[intamarque.com/wp-content/uploads/2021/08/7.jpg]
[intamarque.com/wp-content/uploads/2021/08/2.jpg]
[intamarque.com/wp-content/uploads/2021/08/webshop.jpg]
[intamarque.com/wp-content/uploads/2021/08/website-IM.jpg]
[intamarque.com/wp-content/uploads/2021/07/Global-winner.png]
[intamarque.com/about-us/index.html]
[intamarque.com/wp-json/wp/v2/pages/13.json]
[intamarque.com/wp-json/oembed/1.0/embed2467.json]
[intamarque.com/wp-json/oembed/1.0/embed0b0b]
[intamarque.com/wp-content/uploads/2021/08/meet-the-team-2.jpg]
[intamarque.com/wp-content/uploads/2021/07/Group-12888.png]
[intamarque.com/wp-content/uploads/2021/07/Group-12887.png]
[intamarque.com/wp-content/uploads/2021/07/Group-12889.png]
[intamarque.com/wp-content/uploads/2021/09/Amy-Photo.png]
[intamarque.com/wp-content/uploads/2021/07/Group-12904.png]
[intamarque.com/wp-content/uploads/2021/12/Jess-M.png]
[intamarque.com/wp-content/uploads/2021/07/Group-12886-1.png]
[intamarque.com/wp-content/uploads/2021/07/Group-12895.png]
[intamarque.com/wp-content/uploads/2021/07/Group-12885.png]
[intamarque.com/wp-content/uploads/2021/07/Group-12894.png]
[intamarque.com/wp-content/uploads/2021/12/Aimee.png]
[intamarque.com/wp-content/uploads/2021/07/Group-12890.png]
[intamarque.com/wp-content/uploads/2021/07/Group-12893.png]
[intamarque.com/wp-content/uploads/2021/12/Sophie.png]
[intamarque.com/wp-content/uploads/2021/12/Ewan.png]
[intamarque.com/wp-content/uploads/2021/07/Group-12901.png]
[intamarque.com/wp-content/uploads/2021/07/Group-12907.png]
[intamarque.com/wp-content/uploads/2021/07/Group-12908.png]
[intamarque.com/wp-content/uploads/2021/07/Group-12906.png]
[intamarque.com/wp-content/uploads/2021/07/Group-12905.png]
[intamarque.com/wp-content/uploads/2021/07/Group-12903.png]
[intamarque.com/wp-content/uploads/2021/07/team-gallery-01.jpg]
[intamarque.com/wp-content/uploads/2021/08/intamarque-1.jpg]
[intamarque.com/wp-content/uploads/2021/08/IM-3.jpg]
[intamarque.com/meet-the-team/index.html]
[intamarque.com/wp-json/wp/v2/pages/15.json]
[intamarque.com/wp-json/oembed/1.0/embedfab9.json]
[intamarque.com/wp-json/oembed/1.0/embedbdf2]
[intamarque.com/wp-content/uploads/2021/07/careers-banner.jpg]
[intamarque.com/wp-content/uploads/2021/07/buyer.jpg]
[intamarque.com/wp-content/uploads/2021/07/job-image-02.jpg]
[intamarque.com/wp-content/uploads/2021/07/job-image-01.jpg]
[intamarque.com/applications/buyer/index.html]
[intamarque.com/wp-content/uploads/2021/07/careers-gallery-01.jpg]
[intamarque.com/careers/index.html]
[intamarque.com/applications/sales-support-admin/index.html]
[intamarque.com/wp-content/uploads/2021/08/latest-news-2.jpg]
[intamarque.com/applications/warehouse-manager/index.html]
[intamarque.com/index8db2.html]
[intamarque.com/wp-json/wp/v2/pages/669.json]
[intamarque.com/wp-json/oembed/1.0/embed0b44.json]
[intamarque.com/wp-json/oembed/1.0/embed1b1e]
[intamarque.com/wp-content/uploads/2021/07/buying.jpg]
[intamarque.com/wp-content/uploads/2021/08/repacking.png]
[intamarque.com/wp-content/uploads/2021/08/customer-services.png]
[intamarque.com/wp-content/uploads/2021/08/sales.png]
[intamarque.com/wp-content/uploads/2021/08/export.png]
[intamarque.com/wp-content/uploads/2021/08/online.png]
[intamarque.com/buying-from-intamarque/index.html]
[intamarque.com/wp-json/wp/v2/pages/223.json]
[intamarque.com/wp-json/oembed/1.0/embed873c.json]
[intamarque.com/wp-json/oembed/1.0/embed4a05]
[intamarque.com/wp-content/uploads/2021/07/brands-banner.png]
[intamarque.com/wp-content/uploads/2021/08/Radox_2015_Master-Logo-1.jpg]
[intamarque.com/wp-content/uploads/2021/07/Global-brands.png]
[intamarque.com/brands/index.html]
[intamarque.com/wp-json/wp/v2/pages/251.json]
[intamarque.com/wp-json/oembed/1.0/embed5084.json]
[intamarque.com/wp-json/oembed/1.0/embed13ed]
[intamarque.com/wp-content/uploads/2021/07/order-banner.png]
[intamarque.com/wp-content/uploads/2021/07/How-to-order-01.jpg]
[intamarque.com/wp-content/uploads/2021/07/How-to-order-02.jpg]
[intamarque.com/wp-content/uploads/2021/07/How-to-order-03.jpg]
[intamarque.com/wp-content/uploads/2021/07/How-to-order-05.jpg]
[intamarque.com/how-to-order/index.html]
[intamarque.com/wp-json/wp/v2/pages/374.json]
[intamarque.com/wp-json/oembed/1.0/embed4826.json]
[intamarque.com/wp-json/oembed/1.0/embedb9ea]
[intamarque.com/wp-content/uploads/2021/07/supplying.jpg]
[intamarque.com/wp-content/uploads/2021/08/field-sales.png]
[intamarque.com/wp-content/uploads/2021/08/brand.png]
[intamarque.com/wp-content/uploads/2021/08/buyers.png]
[intamarque.com/wp-content/uploads/2021/08/tape.png]
[intamarque.com/wp-content/uploads/2021/08/diverse.png]
[intamarque.com/supplying-to-intamarque/index.html]
[intamarque.com/wp-json/wp/v2/pages/460.json]
[intamarque.com/wp-json/oembed/1.0/embed00b0.json]
[intamarque.com/wp-json/oembed/1.0/embed01c1]
[intamarque.com/wp-content/uploads/2021/08/Brand-Distribuiton-Page-1-scaled.jpg]
[intamarque.com/wp-content/uploads/2021/08/natalie.png]
[intamarque.com/brand-distribution/index.html]
[intamarque.com/wp-json/wp/v2/pages/158.json]
[intamarque.com/wp-json/oembed/1.0/embed0510.json]
[intamarque.com/wp-json/oembed/1.0/embeda9e6]
[intamarque.com/wp-content/uploads/2021/07/get-in-touch.jpg]
[intamarque.com/get-in-touch/index.html]
[intamarque.com/wp-content/themes/intamarque2021/assets/img/shoparrow.svg]
[intamarque.com/wp-content/uploads/2021/06/Logo.svg]
[intamarque.com/wp-content/themes/intamarque2021/assets/img/modelclose.svg]
[intamarque.com/wp-content/uploads/2021/07/dovev2.svg]
[intamarque.com/wp-content/uploads/2021/07/2-nivea.svg]
[intamarque.com/wp-content/uploads/2021/07/3-johnson-johnson.svg]
[intamarque.com/wp-content/uploads/2021/07/4-gillette.svg]
[intamarque.com/wp-content/uploads/2021/07/5-huggies.svg]
[intamarque.com/wp-content/uploads/2021/07/6-oral-b.svg]
[intamarque.com/wp-content/uploads/2021/07/7-colgatev2.svg]
[intamarque.com/wp-content/uploads/2021/07/1-pampers.svg]
[intamarque.com/wp-content/uploads/2021/07/2-isterine.svg]
[intamarque.com/wp-content/uploads/2021/07/3-head-shoulders.svg]
[intamarque.com/wp-content/uploads/2021/07/4-l-oreal.svg]
[intamarque.com/wp-content/uploads/2021/07/5-aquafresh.svg]
[intamarque.com/wp-content/uploads/2021/07/6-Path-11840.svg]
[intamarque.com/wp-content/uploads/2021/07/7-Group-12875.svg]
[intamarque.com/wp-content/uploads/2021/06/Feature-01.svg]
[intamarque.com/wp-content/uploads/2021/07/products-1.svg]
[intamarque.com/wp-content/uploads/2021/07/countries.svg]
[intamarque.com/wp-content/uploads/2021/07/countries-1.svg]
[intamarque.com/wp-content/uploads/2021/07/global-brands.svg]
[intamarque.com/wp-content/uploads/2021/07/global-brands-1.svg]
[intamarque.com/wp-content/uploads/2021/07/experience.svg]
[intamarque.com/wp-content/uploads/2021/07/experience-1.svg]
[intamarque.com/wp-content/themes/intamarque2021/assets/img/leftchev.svg]
[intamarque.com/wp-content/themes/intamarque2021/assets/img/rightchev.svg]
[intamarque.com/wp-content/themes/intamarque2021/assets/img/services-device.svg]
[intamarque.com/wp-content/uploads/2021/06/Service-Icon-01.svg]
[intamarque.com/wp-content/uploads/2021/06/Service-Icon-02.svg]
[intamarque.com/wp-content/uploads/2021/06/Service-Icon-03.svg]
[intamarque.com/wp-content/uploads/2021/08/export-1.svg]
[intamarque.com/wp-content/uploads/2021/06/webshop.svg]
[intamarque.com/wp-content/uploads/2021/06/Service-Icon-06.svg]
[intamarque.com/wp-content/uploads/2021/06/Service-Icon-07.svg]
[intamarque.com/wp-content/uploads/2021/06/getintouch.svg]
[intamarque.com/wp-content/themes/intamarque2021/assets/img/online-device.svg]
[intamarque.com/wp-content/themes/intamarque2021/assets/img/testimonial-device1.svg]
[intamarque.com/wp-content/themes/intamarque2021/assets/img/testimonial-device2.svg]
[intamarque.com/wp-content/themes/intamarque2021/assets/img/speech1.svg]
[intamarque.com/wp-content/themes/intamarque2021/assets/img/speech2.svg]
[intamarque.com/wp-content/themes/intamarque2021/assets/img/flags/UK.svg]
[intamarque.com/wp-content/themes/intamarque2021/assets/img/flags/USA.svg]
[intamarque.com/wp-content/themes/intamarque2021/assets/img/news-device.svg]
[intamarque.com/wp-json/wp/v2/posts/1209.json]
[intamarque.com/how-pg-has-evolved-its-climate-strategy-to-target-a-net-zero-value-chain-by-2040/feed/index.html]
[intamarque.com/wp-json/oembed/1.0/embed7ffd.json]
[intamarque.com/wp-json/oembed/1.0/embeda89d]
[intamarque.com/wp-includes/js/comment-reply.minc8d8.js]
[intamarque.com/how-pg-has-evolved-its-climate-strategy-to-target-a-net-zero-value-chain-by-2040/index.html]
[intamarque.com/wp-content/themes/intamarque2021/assets/img/posted.svg]
[intamarque.com/wp-content/themes/intamarque2021/assets/img/news-button.svg]
[intamarque.com/wp-json/wp/v2/posts/1206.json]
[intamarque.com/is-online-or-in-store-food-shopping-better-for-the-planet/feed/index.html]
[intamarque.com/wp-json/oembed/1.0/embedb8f9.json]
[intamarque.com/wp-json/oembed/1.0/embedb414]
[intamarque.com/is-online-or-in-store-food-shopping-better-for-the-planet/index.html]
[intamarque.com/wp-json/wp/v2/posts/1114.json]
[intamarque.com/bondi-sands/feed/index.html]
[intamarque.com/wp-json/oembed/1.0/embed7d94.json]
[intamarque.com/wp-json/oembed/1.0/embed78a8]
[intamarque.com/wp-content/uploads/2021/08/bondi-2.jpg]
[intamarque.com/wp-content/uploads/2021/08/1-2.jpg]
[intamarque.com/wp-content/uploads/2021/08/2-2.jpg]
[intamarque.com/bondi-sands/index.html]
[intamarque.com/latest-news/index.html]
[intamarque.com/wp-content/themes/intamarque2021/assets/img/signup-device.svg]
[intamarque.com/wp-content/themes/intamarque2021/assets/img/footer-device.svg]
[intamarque.com/wp-content/themes/intamarque2021/assets/img/footer-device-mobile.svg]
[use.typekit.net/af/1c0a46/00000000000000007735a075/30/l3eab]
[use.typekit.net/af/1c0a46/00000000000000007735a075/30/d3eab]
[use.typekit.net/af/1c0a46/00000000000000007735a075/30/a3eab]
[use.typekit.net/af/f18587/00000000000000007735a07a/30/le196]
[use.typekit.net/af/f18587/00000000000000007735a07a/30/de196]
[use.typekit.net/af/f18587/00000000000000007735a07a/30/ae196]
[use.typekit.net/af/153042/00000000000000007735bb62/30/l5bba]
[use.typekit.net/af/153042/00000000000000007735bb62/30/d5bba]
[use.typekit.net/af/153042/00000000000000007735bb62/30/a5bba]
[use.typekit.net/af/8a7571/00000000000000007735bb67/30/l1f8b]
[use.typekit.net/af/8a7571/00000000000000007735bb67/30/d1f8b]
[use.typekit.net/af/8a7571/00000000000000007735bb67/30/a1f8b]
[use.typekit.net/af/384d9b/00000000000000007735bb6a/30/l652f]
[use.typekit.net/af/384d9b/00000000000000007735bb6a/30/d652f]
[use.typekit.net/af/384d9b/00000000000000007735bb6a/30/a652f]
[use.typekit.net/af/fcc1c9/00000000000000007735bb6c/30/le265]
[use.typekit.net/af/fcc1c9/00000000000000007735bb6c/30/de265]
[use.typekit.net/af/fcc1c9/00000000000000007735bb6c/30/ae265]
[use.typekit.net/af/c906c2/00000000000000007735bb6e/30/lc150]
[use.typekit.net/af/c906c2/00000000000000007735bb6e/30/dc150]
[use.typekit.net/af/c906c2/00000000000000007735bb6e/30/ac150]
[use.typekit.net/af/31808c/00000000000000007735bb70/30/lca71]
[use.typekit.net/af/31808c/00000000000000007735bb70/30/dca71]
[use.typekit.net/kbq3ywl.css]
[intamarque.com/wp-content/themes/intamarque2021/assets/img/social-icons-sprite-yellow.html]
[intamarque.com/wp-content/themes/intamarque2021/assets/img/social-icons-sprite-grey.html]
[intamarque.com/wp-content/themes/intamarque2021/assets/img/lock-icon.html]
[intamarque.com/wp-content/themes/intamarque2021/assets/img/play-icon.html]
[intamarque.com/wp-content/themes/intamarque2021/assets/img/contact-icons.html]
[intamarque.com/wp-content/themes/intamarque2021/assets/img/pencil-icon.html]
[intamarque.com/wp-content/themes/intamarque2021/assets/img/phone-icon.html]
[intamarque.com/wp-content/themes/intamarque2021/assets/img/mac-icon.html]
[intamarque.com/wp-content/themes/intamarque2021/assets/img/chair-icon.html]
[intamarque.com/wp-content/themes/intamarque2021/assets/img/down.svg]
[intamarque.com/wp-content/themes/intamarque2021/assets/img/dots.svg]
[intamarque.com/wp-content/themes/intamarque2021/assets/img/burger.svg]
[intamarque.com/wp-content/themes/intamarque2021/assets/img/arrow.svg]
[intamarque.com/wp-content/themes/intamarque2021/assets/img/tick.svg]
[intamarque.com/wp-content/themes/intamarque2021/assets/img/down-arrow.svg]
[intamarque.com/wp-content/themes/intamarque2021/assets/img/play.svg]
[intamarque.com/wp-content/themes/intamarque2021/assets/img/buyer-arrow.svg]
[intamarque.com/wp-content/themes/intamarque2021/assets/img/signup-button.svg]
[intamarque.com/wp-content/themes/intamarque2021/assets/img/downselect.svg]
[intamarque.com/indexb5fb.html]
[intamarque.com/wp-content/themes/intamarque2021/assets/img/inner-device.svg]
[use.typekit.net/af/31808c/00000000000000007735bb70/30/aca71]
[intamarque.com/wp-content/themes/intamarque2021/assets/img/about-services-image.svg]
[intamarque.com/wp-content/themes/intamarque2021/assets/img/timeline-device.svg]
[intamarque.com/wp-content/themes/intamarque2021/assets/img/timeline-device2.svg]
[intamarque.com/wp-content/themes/intamarque2021/assets/img/chevleft.svg]
[intamarque.com/wp-content/themes/intamarque2021/assets/img/chevright.svg]
[intamarque.com/wp-content/uploads/2021/07/dove-1.svg]
[intamarque.com/wp-content/uploads/2021/07/oralb.svg]
[intamarque.com/wp-content/uploads/2021/07/cadbury.svg]
[intamarque.com/wp-content/uploads/2021/07/mcvities.svg]
[intamarque.com/wp-content/uploads/2021/07/Nivea.svg]
[intamarque.com/wp-content/uploads/2021/07/huggies.svg]
[intamarque.com/wp-content/uploads/2021/07/listerine-logo.svg]
[intamarque.com/wp-content/uploads/2021/07/haribo.svg]
[intamarque.com/wp-content/uploads/2021/07/gillette.svg]
[intamarque.com/wp-content/uploads/2021/07/pampers.svg]
[intamarque.com/wp-content/uploads/2021/07/colgate.svg]
[intamarque.com/wp-content/uploads/2021/07/heinz.svg]
[intamarque.com/index2dc4.html]
[intamarque.com/wp-content/themes/intamarque2021/assets/img/order-device3.svg]
[intamarque.com/wp-content/themes/intamarque2021/assets/img/news-arrow.svg]
[intamarque.com/wp-content/themes/intamarque2021/assets/img/openmodel.svg]
[intamarque.com/wp-content/themes/intamarque2021/assets/img/modeldevice.svg]
[intamarque.com/wp-content/themes/intamarque2021/assets/img/emailsvg.svg]
[intamarque.com/intamarque2021/get-in-touch/index.html]
[intamarque.com/intamarque2021/careers/index.html]
[intamarque.com/indexa1ca.html]
[intamarque.com/wp-content/uploads/2021/07/careers-content-imageV2.svg]
[intamarque.com/wp-json/oembed/1.0/embed50a3.json]
[intamarque.com/wp-json/oembed/1.0/embedaf87]
[intamarque.com/wp-content/uploads/2021/07/stocks-scaled.jpg]
[intamarque.com/applications/buyer/index.html]
[intamarque.com/wp-json/oembed/1.0/embed194f.json]
[intamarque.com/wp-json/oembed/1.0/embedb856]
[intamarque.com/wp-content/uploads/2021/07/intamarque-meeting.jpg]
[intamarque.com/applications/sales-support-admin/index.html]
[intamarque.com/wp-json/oembed/1.0/embed1ad9.json]
[intamarque.com/wp-json/oembed/1.0/embed84b5]
[intamarque.com/wp-content/uploads/2021/07/news-banner.png]
[intamarque.com/applications/warehouse-manager/index.html]
[intamarque.com/wp-content/themes/intamarque2021/assets/img/news-device-two.svg]
[intamarque.com/indexd52c.html]
[intamarque.com/wp-content/uploads/2021/07/buying-icon-01.svg]
[intamarque.com/wp-content/themes/intamarque2021/assets/img/tabarrow.svg]
[intamarque.com/wp-content/uploads/2021/07/buying-icon-02.svg]
[intamarque.com/wp-content/uploads/2021/07/buying-icon-03.svg]
[intamarque.com/wp-content/uploads/2021/07/buying-icon-04.svg]
[intamarque.com/wp-content/uploads/2021/07/buying-icon-05.svg]
[intamarque.com/indexd027.html]
[intamarque.com/wp-content/uploads/2021/07/listerine.svg]
[intamarque.com/wp-content/uploads/2021/08/Aquafresh_Logo.svg]
[intamarque.com/wp-content/uploads/2021/08/cadbury-logo.svg]
[intamarque.com/wp-content/uploads/2021/08/domestos.svg]
[intamarque.com/wp-content/uploads/2021/08/dove-1.svg]
[intamarque.com/wp-content/uploads/2021/08/Dettol.svg]
[intamarque.com/wp-content/uploads/2021/08/Group-12982.svg]
[intamarque.com/wp-content/uploads/2021/08/Haribo.svg]
[intamarque.com/wp-content/uploads/2021/08/heinz.svg]
[intamarque.com/wp-content/uploads/2021/08/huggies-2.svg]
[intamarque.com/wp-admin/admin-ajax.html]
[intamarque.com/indexd6e1.html]
[intamarque.com/wp-content/themes/intamarque2021/assets/img/order-device.svg]
[intamarque.com/wp-content/themes/intamarque2021/assets/img/order-device2.svg]
[intamarque.com/wp-content/uploads/2021/07/1.svg]
[intamarque.com/wp-content/themes/intamarque2021/assets/img/dotsdown.svg]
[intamarque.com/wp-content/uploads/2021/07/2.svg]
[intamarque.com/wp-content/uploads/2021/07/3.svg]
[intamarque.com/wp-content/uploads/2021/07/tick.svg]
[intamarque.com/index9222.html]
[intamarque.com/wp-content/uploads/2021/07/supplying-tab-01.svg]
[intamarque.com/wp-content/uploads/2021/07/supplying-tab-02.svg]
[intamarque.com/wp-content/uploads/2021/07/supplying-tab-03.svg]
[intamarque.com/wp-content/uploads/2021/07/supplying-tab-04.svg]
[intamarque.com/wp-content/uploads/2021/07/supplying-tab-05.svg]
[intamarque.com/indexb3e1.html]
[intamarque.com/wp-content/themes/intamarque2021/assets/img/brand-distro-device.svg]
[intamarque.com/index8af0.html]
[intamarque.com/wp-content/uploads/2021/07/contact-icon-01.svg]
[intamarque.com/wp-content/uploads/2021/07/contact-icon-02.svg]
[intamarque.com/wp-content/uploads/2021/07/contact-icon-03.svg]
[intamarque.com/wp-content/uploads/2021/07/contact-map.svg]
[intamarque.com/index80fa.html]
[intamarque.com/xmlrpc.php]
[intamarque.com/index44fe.html]
[intamarque.com/indexe1d7.html]
[p.typekit.net/pa9c9.css]
[intamarque.com/indexbdc9.html]
[intamarque.com/indexa9e1.html]
[intamarque.com/index802e.html]
